hey there, I am Barsha
And this line is for modification

Microsoft Windows [Version 10.0.19045.3324]
(c) Microsoft Corporation. All rights reserved.

C:\Users\Barsha Kumari Mondal>git
usage: git [-v | --version] [-h | --help] [-C <path>] [-c <name>=<value>]
           [--exec-path[=<path>]] [--html-path] [--man-path] [--info-path]
           [-p | --paginate | -P | --no-pager] [--no-replace-objects] [--bare]
           [--git-dir=<path>] [--work-tree=<path>] [--namespace=<name>]
           [--config-env=<name>=<envvar>] <command> [<args>]

These are common Git commands used in various situations:

start a working area (see also: git help tutorial)
   clone     Clone a repository into a new directory
   init      Create an empty Git repository or reinitialize an existing one

work on the current change (see also: git help everyday)
   add       Add file contents to the index
   mv        Move or rename a file, a directory, or a symlink
   restore   Restore working tree files
   rm        Remove files from the working tree and from the index

examine the history and state (see also: git help revisions)
   bisect    Use binary search to find the commit that introduced a bug
   diff      Show changes between commits, commit and working tree, etc
   grep      Print lines matching a pattern
   log       Show commit logs
   show      Show various types of objects
   status    Show the working tree status

grow, mark and tweak your common history
   branch    List, create, or delete branches
   commit    Record changes to the repository
   merge     Join two or more development histories together
   rebase    Reapply commits on top of another base tip
   reset     Reset current HEAD to the specified state
   switch    Switch branches
   tag       Create, list, delete or verify a tag object signed with GPG

collaborate (see also: git help workflows)
   fetch     Download objects and refs from another repository
   pull      Fetch from and integrate with another repository or a local branch
   push      Update remote refs along with associated objects

'git help -a' and 'git help -g' list available subcommands and some
concept guides. See 'git help <command>' or 'git help <concept>'
to read about a specific subcommand or concept.
See 'git help git' for an overview of the system.

C:\Users\Barsha Kumari Mondal>git clone https://github.com/goku44SSJ/Trail
Cloning into 'Trail'...
remote: Enumerating objects: 6, done.
remote: Counting objects: 100% (6/6), done.
remote: Compressing objects: 100% (2/2), done.
remote: Total 6 (delta 0), reused 6 (delta 0), pack-reused 0
Receiving objects: 100% (6/6), done.

C:\Users\Barsha Kumari Mondal>cd Trail

C:\Users\Barsha Kumari Mondal\Trail>git status
On branch main
Your branch is up to date with 'origin/main'.

nothing to commit, working tree clean

C:\Users\Barsha Kumari Mondal\Trail>git log
commit 9bb2b1a5c4cb2e71463d50a980cfb7d8663d5215 (HEAD -> main, origin/main, origin/HEAD)
Author: braoninja79 <arghyadgp4@gmail.com>
Date:   Fri Sep 15 18:47:19 2023 +0530

    filemodified

commit fcd6cf582ee0f0d568f3189b0350e0b756bd9d30
Author: braoninja79 <arghyadgp4@gmail.com>
Date:   Fri Sep 15 18:43:53 2023 +0530

    fileadded"

C:\Users\Barsha Kumari Mondal\Trail>git status
On branch main
Your branch is up to date with 'origin/main'.

Untracked files:
  (use "git add <file>..." to include in what will be committed)
        barsha_demo.txt

nothing added to commit but untracked files present (use "git add" to track)

C:\Users\Barsha Kumari Mondal\Trail>git add barsha_demo.txt

C:\Users\Barsha Kumari Mondal\Trail>git status
On branch main
Your branch is up to date with 'origin/main'.

Changes to be committed:
  (use "git restore --staged <file>..." to unstage)
        new file:   barsha_demo.txt


C:\Users\Barsha Kumari Mondal\Trail>git commit -m "firstfile"
Author identity unknown

*** Please tell me who you are.

Run

  git config --global user.email "you@example.com"
  git config --global user.name "Your Name"

to set your account's default identity.
Omit --global to set the identity only in this repository.

fatal: unable to auto-detect email address (got 'Barsha Kumari Mondal@DESKTOP-KBRNNOP.(none)')

C:\Users\Barsha Kumari Mondal\Trail>git config --global user.email "barsha1807@gmail.com"

C:\Users\Barsha Kumari Mondal\Trail>git commit -m "firstfile"
[main 7e60250] firstfile
 1 file changed, 1 insertion(+)
 create mode 100644 barsha_demo.txt

C:\Users\Barsha Kumari Mondal\Trail>git push origin main
info: please complete authentication in your browser...
Enumerating objects: 4, done.
Counting objects: 100% (4/4), done.
Delta compression using up to 4 threads
Compressing objects: 100% (2/2), done.
Writing objects: 100% (3/3), 314 bytes | 314.00 KiB/s, done.
Total 3 (delta 0), reused 0 (delta 0), pack-reused 0
To https://github.com/goku44SSJ/Trail
   9bb2b1a..7e60250  main -> main

C:\Users\Barsha Kumari Mondal\Trail>git status
On branch main
Your branch is up to date with 'origin/main'.

Changes not staged for commit:
  (use "git add <file>..." to update what will be committed)
  (use "git restore <file>..." to discard changes in working directory)
        modified:   barsha_demo.txt

no changes added to commit (use "git add" and/or "git commit -a")

C:\Users\Barsha Kumari Mondal\Trail>git add .

C:\Users\Barsha Kumari Mondal\Trail>git status
On branch main
Your branch is up to date with 'origin/main'.

Changes to be committed:
  (use "git restore --staged <file>..." to unstage)
        modified:   barsha_demo.txt


C:\Users\Barsha Kumari Mondal\Trail>git commit -m "modification"
[main 8d456ec] modification
 1 file changed, 2 insertions(+), 1 deletion(-)

C:\Users\Barsha Kumari Mondal\Trail>git push origin main
Enumerating objects: 5, done.
Counting objects: 100% (5/5), done.
Delta compression using up to 4 threads
Compressing objects: 100% (3/3), done.
Writing objects: 100% (3/3), 347 bytes | 115.00 KiB/s, done.
Total 3 (delta 0), reused 0 (delta 0), pack-reused 0
To https://github.com/goku44SSJ/Trail
   7e60250..8d456ec  main -> main

C:\Users\Barsha Kumari Mondal\Trail>